// Jest Snapshot v1, https://goo.gl/fbAQLP

exports[`Button Form Renders a button 1`] = `ShallowWrapper {}`;
